** Drc report for Project-1.kicad_pcb **
** Created on 2026-07-24T20:53:19+0200 **

** Found 22 DRC violations **
[annular_width]: Annular width (board setup constraints min annular width 0.1000 mm; actual 0.0314 mm)
    Rule: board setup constraints; error
    @(113.0000 mm, 87.0900 mm): PTH pad 1 [VDD] of SWD-connector1
[annular_width]: Annular width (board setup constraints min annular width 0.1000 mm; actual 0.0314 mm)
    Rule: board setup constraints; error
    @(113.0000 mm, 85.8200 mm): PTH pad 2 [Net-(SWD-connector1-SWDIO)] of SWD-connector1
[annular_width]: Annular width (board setup constraints min annular width 0.1000 mm; actual 0.0314 mm)
    Rule: board setup constraints; error
    @(114.2700 mm, 87.0900 mm): PTH pad 3 [GND] of SWD-connector1
[annular_width]: Annular width (board setup constraints min annular width 0.1000 mm; actual 0.0314 mm)
    Rule: board setup constraints; error
    @(114.2700 mm, 85.8200 mm): PTH pad 4 [Net-(SWD-connector1-SWDCLK)] of SWD-connector1
[annular_width]: Annular width (board setup constraints min annular width 0.1000 mm; actual 0.0314 mm)
    Rule: board setup constraints; error
    @(115.5400 mm, 87.0900 mm): PTH pad 5 [GND] of SWD-connector1
[annular_width]: Annular width (board setup constraints min annular width 0.1000 mm; actual 0.0314 mm)
    Rule: board setup constraints; error
    @(115.5400 mm, 85.8300 mm): PTH pad 6 [Net-(SWD-connector1-SWO)] of SWD-connector1
[annular_width]: Annular width (board setup constraints min annular width 0.1000 mm; actual 0.0314 mm)
    Rule: board setup constraints; error
    @(116.8100 mm, 87.0900 mm): PTH pad 7 [unconnected-(SWD-connector1-KEY-Pad7)] of SWD-connector1
[annular_width]: Annular width (board setup constraints min annular width 0.1000 mm; actual 0.0314 mm)
    Rule: board setup constraints; error
    @(116.8100 mm, 85.8200 mm): PTH pad 8 [unconnected-(SWD-connector1-NC-Pad8)] of SWD-connector1
[annular_width]: Annular width (board setup constraints min annular width 0.1000 mm; actual 0.0314 mm)
    Rule: board setup constraints; error
    @(118.0800 mm, 87.0900 mm): PTH pad 9 [GND] of SWD-connector1
[annular_width]: Annular width (board setup constraints min annular width 0.1000 mm; actual 0.0314 mm)
    Rule: board setup constraints; error
    @(118.0800 mm, 85.8200 mm): PTH pad 10 [/M-NRST] of SWD-connector1
[track_dangling]: Track has unconnected end
    Local override; warning
    @(116.0000 mm, 92.0000 mm): Track [GND] on F.Cu, length 0.0700 mm
[track_dangling]: Track has unconnected end
    Local override; warning
    @(114.0000 mm, 53.5700 mm): Track [VDD] on B.Cu, length 6.7500 mm
[track_dangling]: Track has unconnected end
    Local override; warning
    @(110.4500 mm, 83.5500 mm): Track [Net-(SWD-connector1-SWDCLK)] on F.Cu, length 0.5500 mm
[lib_footprint_mismatch]: Footprint '2X10_BOXHEADER' does not match copy in library 'Symbol'.
    Local override; warning
    @(115.5400 mm, 86.4550 mm): Footprint SWD-connector1
[silk_over_copper]: Silkscreen clipped by solder mask
    Local override; warning
    @(139.0000 mm, 90.8200 mm): Reference 'Voltage-reference1'
[silk_over_copper]: Silkscreen clipped by solder mask
    Local override; warning
    @(148.9500 mm, 84.3200 mm): Reference 'C18-100nF1'
[silk_over_copper]: Silkscreen clipped by solder mask
    Local override; warning
    @(124.6207 mm, 86.7202 mm): Reference 'SWD-connector1'
[silk_overlap]: Silkscreen overlap
    Rule: board setup constraints silk; warning
    @(153.2900 mm, 84.8200 mm): Segment on F.Silkscreen
    @(148.9500 mm, 84.3200 mm): Reference 'C18-100nF1'
[silk_overlap]: Silkscreen overlap
    Rule: board setup constraints silk; warning
    @(139.0000 mm, 90.8200 mm): Reference 'Voltage-reference1'
    @(145.7387 mm, 91.2650 mm): Segment on F.Silkscreen
[silk_overlap]: Silkscreen overlap
    Rule: board setup constraints silk; warning
    @(124.6207 mm, 86.7202 mm): Reference 'SWD-connector1'
    @(126.5800 mm, 83.7500 mm): Reference 'C13-10uF1'
[silk_overlap]: Silkscreen overlap
    Rule: board setup constraints silk; warning
    @(124.6207 mm, 86.7202 mm): Reference 'SWD-connector1'
    @(129.0000 mm, 86.4600 mm): Segment on F.Silkscreen
[silk_overlap]: Silkscreen overlap
    Rule: board setup constraints silk; warning
    @(124.6207 mm, 86.7202 mm): Reference 'SWD-connector1'
    @(121.1650 mm, 84.6050 mm): Segment on F.Silkscreen

** Found 0 unconnected pads **

** Found 0 Footprint errors **

** End of Report **
