** Drc report for Project-1.kicad_pcb **
** Created on 2026-07-16T03:45:38+0200 **

** Found 33 DRC violations **
[clearance]: Clearance violation (netclass 'Default' clearance 0.3000 mm; actual 0.2000 mm)
    Rule: netclass 'Default'; error
    @(91.8450 mm, 59.8200 mm): Pad 1 [unconnected-(Signal-generator2-COMP-Pad1)] of Signal-generator2 on F.Cu
    @(91.8450 mm, 60.3200 mm): Pad 2 [VDD] of Signal-generator2 on F.Cu
[clearance]: Clearance violation (netclass 'Default' clearance 0.3000 mm; actual 0.2000 mm)
    Rule: netclass 'Default'; error
    @(91.8450 mm, 60.3200 mm): Pad 2 [VDD] of Signal-generator2 on F.Cu
    @(91.8450 mm, 60.8200 mm): Pad 3 [Net-(Signal-generator2-CAP/2.5V)] of Signal-generator2 on F.Cu
[clearance]: Clearance violation (netclass 'Default' clearance 0.3000 mm; actual 0.2000 mm)
    Rule: netclass 'Default'; error
    @(91.8450 mm, 60.8200 mm): Pad 3 [Net-(Signal-generator2-CAP/2.5V)] of Signal-generator2 on F.Cu
    @(91.8450 mm, 61.3200 mm): Pad 4 [GND] of Signal-generator2 on F.Cu
[clearance]: Clearance violation (netclass 'Default' clearance 0.3000 mm; actual 0.2000 mm)
    Rule: netclass 'Default'; error
    @(91.8450 mm, 61.3200 mm): Pad 4 [GND] of Signal-generator2 on F.Cu
    @(91.8450 mm, 61.8200 mm): Pad 5 [Net-(25Mhz-Oscillator1-OUT)] of Signal-generator2 on F.Cu
[clearance]: Clearance violation (netclass 'Default' clearance 0.3000 mm; actual 0.2000 mm)
    Rule: netclass 'Default'; error
    @(96.1550 mm, 61.8200 mm): Pad 6 [Net-(Signal-generator2-SDATA)] of Signal-generator2 on F.Cu
    @(96.1550 mm, 61.3200 mm): Pad 7 [Net-(Signal-generator2-SCLK)] of Signal-generator2 on F.Cu
[clearance]: Clearance violation (netclass 'Default' clearance 0.3000 mm; actual 0.2000 mm)
    Rule: netclass 'Default'; error
    @(96.1550 mm, 61.3200 mm): Pad 7 [Net-(Signal-generator2-SCLK)] of Signal-generator2 on F.Cu
    @(96.1550 mm, 60.8200 mm): Pad 8 [Net-(Signal-generator2-FSYNC)] of Signal-generator2 on F.Cu
[clearance]: Clearance violation (netclass 'Default' clearance 0.3000 mm; actual 0.2000 mm)
    Rule: netclass 'Default'; error
    @(96.1550 mm, 60.8200 mm): Pad 8 [Net-(Signal-generator2-FSYNC)] of Signal-generator2 on F.Cu
    @(96.1550 mm, 60.3200 mm): Pad 9 [GND] of Signal-generator2 on F.Cu
[clearance]: Clearance violation (netclass 'Default' clearance 0.3000 mm; actual 0.2000 mm)
    Rule: netclass 'Default'; error
    @(96.1550 mm, 60.3200 mm): Pad 9 [GND] of Signal-generator2 on F.Cu
    @(96.1550 mm, 59.8200 mm): Pad 10 [Net-(Signal-generator2-VOUT)] of Signal-generator2 on F.Cu
[clearance]: Clearance violation (netclass 'Default' clearance 0.3000 mm; actual 0.2000 mm)
    Rule: netclass 'Default'; error
    @(67.1650 mm, 50.3200 mm): Pad A1 [GND] of J2 on F.Cu
    @(67.1650 mm, 49.8200 mm): Pad A2 [unconnected-(J2-TX1+-PadA2)] of J2 on F.Cu
[clearance]: Clearance violation (netclass 'Default' clearance 0.3000 mm; actual 0.2000 mm)
    Rule: netclass 'Default'; error
    @(67.1650 mm, 49.8200 mm): Pad A2 [unconnected-(J2-TX1+-PadA2)] of J2 on F.Cu
    @(67.1650 mm, 49.3200 mm): Pad A3 [unconnected-(J2-TX1--PadA3)] of J2 on F.Cu
[clearance]: Clearance violation (netclass 'Default' clearance 0.3000 mm; actual 0.2000 mm)
    Rule: netclass 'Default'; error
    @(67.1650 mm, 49.3200 mm): Pad A3 [unconnected-(J2-TX1--PadA3)] of J2 on F.Cu
    @(67.1650 mm, 48.8200 mm): Pad A4 [/VBUS-5V] of J2 on F.Cu
[clearance]: Clearance violation (netclass 'Default' clearance 0.3000 mm; actual 0.2000 mm)
    Rule: netclass 'Default'; error
    @(67.1650 mm, 48.8200 mm): Pad A4 [/VBUS-5V] of J2 on F.Cu
    @(67.1650 mm, 48.3200 mm): Pad A5 [Net-(J2-CC1)] of J2 on F.Cu
[clearance]: Clearance violation (netclass 'Default' clearance 0.3000 mm; actual 0.2000 mm)
    Rule: netclass 'Default'; error
    @(67.1650 mm, 48.3200 mm): Pad A5 [Net-(J2-CC1)] of J2 on F.Cu
    @(67.1650 mm, 47.8200 mm): Pad A6 [Net-(J2-D+-PadA6)] of J2 on F.Cu
[clearance]: Clearance violation (netclass 'Default' clearance 0.3000 mm; actual 0.2000 mm)
    Rule: netclass 'Default'; error
    @(67.1650 mm, 47.8200 mm): Pad A6 [Net-(J2-D+-PadA6)] of J2 on F.Cu
    @(67.1650 mm, 47.3200 mm): Pad A7 [Net-(J2-D--PadA7)] of J2 on F.Cu
[clearance]: Clearance violation (netclass 'Default' clearance 0.3000 mm; actual 0.2000 mm)
    Rule: netclass 'Default'; error
    @(67.1650 mm, 47.3200 mm): Pad A7 [Net-(J2-D--PadA7)] of J2 on F.Cu
    @(67.1650 mm, 46.8200 mm): Pad A8 [unconnected-(J2-SBU1-PadA8)] of J2 on F.Cu
[clearance]: Clearance violation (netclass 'Default' clearance 0.3000 mm; actual 0.2000 mm)
    Rule: netclass 'Default'; error
    @(67.1650 mm, 46.8200 mm): Pad A8 [unconnected-(J2-SBU1-PadA8)] of J2 on F.Cu
    @(67.1650 mm, 46.3200 mm): Pad A9 [/VBUS-5V] of J2 on F.Cu
[clearance]: Clearance violation (netclass 'Default' clearance 0.3000 mm; actual 0.2000 mm)
    Rule: netclass 'Default'; error
    @(67.1650 mm, 46.3200 mm): Pad A9 [/VBUS-5V] of J2 on F.Cu
    @(67.1650 mm, 45.8200 mm): Pad A10 [unconnected-(J2-RX2--PadA10)] of J2 on F.Cu
[clearance]: Clearance violation (netclass 'Default' clearance 0.3000 mm; actual 0.2000 mm)
    Rule: netclass 'Default'; error
    @(67.1650 mm, 45.8200 mm): Pad A10 [unconnected-(J2-RX2--PadA10)] of J2 on F.Cu
    @(67.1650 mm, 45.3200 mm): Pad A11 [unconnected-(J2-RX2+-PadA11)] of J2 on F.Cu
[clearance]: Clearance violation (netclass 'Default' clearance 0.3000 mm; actual 0.2000 mm)
    Rule: netclass 'Default'; error
    @(67.1650 mm, 45.3200 mm): Pad A11 [unconnected-(J2-RX2+-PadA11)] of J2 on F.Cu
    @(67.1650 mm, 44.8200 mm): Pad A12 [GND] of J2 on F.Cu
[clearance]: Clearance violation (netclass 'Default' clearance 0.3000 mm; actual 0.2000 mm)
    Rule: netclass 'Default'; error
    @(68.8350 mm, 44.8200 mm): Pad B1 [GND] of J2 on F.Cu
    @(68.8350 mm, 45.3200 mm): Pad B2 [unconnected-(J2-TX2+-PadB2)] of J2 on F.Cu
[clearance]: Clearance violation (netclass 'Default' clearance 0.3000 mm; actual 0.2000 mm)
    Rule: netclass 'Default'; error
    @(68.8350 mm, 45.3200 mm): Pad B2 [unconnected-(J2-TX2+-PadB2)] of J2 on F.Cu
    @(68.8350 mm, 45.8200 mm): Pad B3 [unconnected-(J2-TX2--PadB3)] of J2 on F.Cu
[clearance]: Clearance violation (netclass 'Default' clearance 0.3000 mm; actual 0.2000 mm)
    Rule: netclass 'Default'; error
    @(68.8350 mm, 45.8200 mm): Pad B3 [unconnected-(J2-TX2--PadB3)] of J2 on F.Cu
    @(68.8350 mm, 46.3200 mm): Pad B4 [/VBUS-5V] of J2 on F.Cu
[clearance]: Clearance violation (netclass 'Default' clearance 0.3000 mm; actual 0.2000 mm)
    Rule: netclass 'Default'; error
    @(68.8350 mm, 46.3200 mm): Pad B4 [/VBUS-5V] of J2 on F.Cu
    @(68.8350 mm, 46.8200 mm): Pad B5 [Net-(J2-CC2)] of J2 on F.Cu
[clearance]: Clearance violation (netclass 'Default' clearance 0.3000 mm; actual 0.2000 mm)
    Rule: netclass 'Default'; error
    @(68.8350 mm, 46.8200 mm): Pad B5 [Net-(J2-CC2)] of J2 on F.Cu
    @(68.8350 mm, 47.3200 mm): Pad B6 [Net-(J2-D+-PadA6)] of J2 on F.Cu
[clearance]: Clearance violation (netclass 'Default' clearance 0.3000 mm; actual 0.2000 mm)
    Rule: netclass 'Default'; error
    @(68.8350 mm, 47.3200 mm): Pad B6 [Net-(J2-D+-PadA6)] of J2 on F.Cu
    @(68.8350 mm, 47.8200 mm): Pad B7 [Net-(J2-D--PadA7)] of J2 on F.Cu
[clearance]: Clearance violation (netclass 'Default' clearance 0.3000 mm; actual 0.2000 mm)
    Rule: netclass 'Default'; error
    @(68.8350 mm, 47.8200 mm): Pad B7 [Net-(J2-D--PadA7)] of J2 on F.Cu
    @(68.8350 mm, 48.3200 mm): Pad B8 [unconnected-(J2-SBU2-PadB8)] of J2 on F.Cu
[clearance]: Clearance violation (netclass 'Default' clearance 0.3000 mm; actual 0.2000 mm)
    Rule: netclass 'Default'; error
    @(68.8350 mm, 48.3200 mm): Pad B8 [unconnected-(J2-SBU2-PadB8)] of J2 on F.Cu
    @(68.8350 mm, 48.8200 mm): Pad B9 [/VBUS-5V] of J2 on F.Cu
[clearance]: Clearance violation (netclass 'Default' clearance 0.3000 mm; actual 0.2000 mm)
    Rule: netclass 'Default'; error
    @(68.8350 mm, 48.8200 mm): Pad B9 [/VBUS-5V] of J2 on F.Cu
    @(68.8350 mm, 49.3200 mm): Pad B10 [unconnected-(J2-RX1--PadB10)] of J2 on F.Cu
[clearance]: Clearance violation (netclass 'Default' clearance 0.3000 mm; actual 0.2000 mm)
    Rule: netclass 'Default'; error
    @(68.8350 mm, 49.3200 mm): Pad B10 [unconnected-(J2-RX1--PadB10)] of J2 on F.Cu
    @(68.8350 mm, 49.8200 mm): Pad B11 [unconnected-(J2-RX1+-PadB11)] of J2 on F.Cu
[clearance]: Clearance violation (netclass 'Default' clearance 0.3000 mm; actual 0.2000 mm)
    Rule: netclass 'Default'; error
    @(68.8350 mm, 49.8200 mm): Pad B11 [unconnected-(J2-RX1+-PadB11)] of J2 on F.Cu
    @(68.8350 mm, 50.3200 mm): Pad B12 [GND] of J2 on F.Cu
[copper_edge_clearance]: Board edge clearance violation (board setup constraints edge clearance 0.5 mm; actual 0.499999 mm)
    Rule: board setup constraints edge; error
    @(68.0000 mm, 43.8200 mm): NPTH pad of J2
    @(68.8400 mm, 43.2621 mm): Track [GND] on F.Cu, length 0.6959 mm
[copper_edge_clearance]: Board edge clearance violation (board setup constraints edge clearance 0.5000 mm; actual 0.4701 mm)
    Rule: board setup constraints edge; error
    @(68.0000 mm, 43.8200 mm): NPTH pad of J2
    @(67.1650 mm, 44.8200 mm): Pad A12 [GND] of J2 on F.Cu
[copper_edge_clearance]: Board edge clearance violation (board setup constraints edge clearance 0.5000 mm; actual 0.4701 mm)
    Rule: board setup constraints edge; error
    @(68.0000 mm, 43.8200 mm): NPTH pad of J2
    @(68.8350 mm, 44.8200 mm): Pad B1 [GND] of J2 on F.Cu

** Found 1 unconnected pads **
[unconnected_items]: Missing connection between items
    Local override; error
    @(69.5250 mm, 78.0100 mm): Pad 1 [/Electrode1] of U9 on F.Cu
    @(70.7200 mm, 79.2800 mm): Track [/Electrode1] on F.Cu, length 1.1950 mm

** Found 0 Footprint errors **

** End of Report **
