../Core/Src/ad9833.c:31:6:AD9833_WriteRegister	24	static
../Core/Src/ad9833.c:52:6:AD9833_Reset	8	static
../Core/Src/ad9833.c:61:6:AD9833_Init	8	static
../Core/Src/ad9833.c:78:6:AD9833_SetFrequency	24	static
../Core/Src/ad9833.c:113:6:AD9833_SetPhase	24	static
../Core/Src/ad9833.c:129:6:AD9833_SetWaveform	16	static
../Core/Src/ad9833.c:164:6:AD9833_SetSineOutput	8	static
../Core/Src/ad9833.c:173:6:AD9833_SetTriangleOutput	8	static
../Core/Src/ad9833.c:182:6:AD9833_SetSquareOutput	8	static
../Core/Src/ad9833.c:191:6:AD9833_FrequencySweep	32	static
