../Core/Src/main.c:76:13:Send_Status	64	static
../Core/Src/main.c:90:16:Scale_Float_X100	16	static
../Core/Src/main.c:100:13:Send_Flash_Record	40	static
../Core/Src/main.c:115:16:Sweep_Config_IsValid	4	static
../Core/Src/main.c:123:13:Delay_With_Command_Processing	24	static
../Core/Src/main.c:141:5:__io_putchar	16	static
../Core/Src/main.c:151:6:Process_Start_Command	8	static
../Core/Src/main.c:174:6:Process_Stop_Command	8	static
../Core/Src/main.c:180:6:Process_Status_Command	8	static
../Core/Src/main.c:185:6:Process_FlashStatus_Command	16	static
../Core/Src/main.c:192:6:Process_EraseFlash_Command	8	static
../Core/Src/main.c:210:6:Process_DumpFlash_Command	48	static
../Core/Src/main.c:243:6:Process_SetStartFrequency	16	static
../Core/Src/main.c:255:6:Process_SetStopFrequency	16	static
../Core/Src/main.c:267:6:Process_SetStepFrequency	16	static
../Core/Src/main.c:279:6:Process_SetFeedbackResistor	16	static
../Core/Src/main.c:285:6:Process_SetSweepConfig	24	static
../Core/Src/main.c:309:5:main	32	static
../Core/Src/main.c:476:6:SystemClock_Config	128	static
../Core/Src/main.c:524:13:MX_ADC1_Init	48	static
../Core/Src/main.c:599:13:MX_SPI1_Init	8	static
../Core/Src/main.c:639:13:MX_USART1_UART_Init	8	static
../Core/Src/main.c:672:13:MX_DMA_Init	16	static
../Core/Src/main.c:690:13:MX_GPIO_Init	40	static
../Core/Src/main.c:741:6:Error_Handler	4	static,ignoring_inline_asm
