../Core/Src/main.c:76:13:Send_Status	2
../Core/Src/main.c:90:16:Scale_Float_X100	2
../Core/Src/main.c:100:13:Send_Flash_Record	1
../Core/Src/main.c:115:16:Sweep_Config_IsValid	5
../Core/Src/main.c:123:13:Delay_With_Command_Processing	3
../Core/Src/main.c:141:5:__io_putchar	1
../Core/Src/main.c:151:6:Process_Start_Command	4
../Core/Src/main.c:174:6:Process_Stop_Command	1
../Core/Src/main.c:180:6:Process_Status_Command	1
../Core/Src/main.c:185:6:Process_FlashStatus_Command	1
../Core/Src/main.c:192:6:Process_EraseFlash_Command	3
../Core/Src/main.c:210:6:Process_DumpFlash_Command	4
../Core/Src/main.c:243:6:Process_SetStartFrequency	5
../Core/Src/main.c:255:6:Process_SetStopFrequency	4
../Core/Src/main.c:267:6:Process_SetStepFrequency	3
../Core/Src/main.c:279:6:Process_SetFeedbackResistor	1
../Core/Src/main.c:285:6:Process_SetSweepConfig	6
../Core/Src/main.c:309:5:main	9
../Core/Src/main.c:476:6:SystemClock_Config	4
../Core/Src/main.c:524:13:MX_ADC1_Init	5
../Core/Src/main.c:599:13:MX_SPI1_Init	2
../Core/Src/main.c:639:13:MX_USART1_UART_Init	2
../Core/Src/main.c:672:13:MX_DMA_Init	1
../Core/Src/main.c:690:13:MX_GPIO_Init	1
../Core/Src/main.c:741:6:Error_Handler	1
