../Core/Src/main.c:79:13:Send_Status	48	static
../Core/Src/main.c:92:16:Sweep_Config_IsValid	4	static
../Core/Src/main.c:100:13:Delay_With_Command_Processing	24	static
../Core/Src/main.c:118:5:__io_putchar	16	static
../Core/Src/main.c:128:6:Process_Start_Command	8	static
../Core/Src/main.c:140:6:Process_Stop_Command	8	static
../Core/Src/main.c:146:6:Process_Status_Command	8	static
../Core/Src/main.c:151:6:Process_SetStartFrequency	16	static
../Core/Src/main.c:163:6:Process_SetStopFrequency	16	static
../Core/Src/main.c:175:6:Process_SetStepFrequency	16	static
../Core/Src/main.c:187:6:Process_SetFeedbackResistor	16	static
../Core/Src/main.c:205:5:main	32	static
../Core/Src/main.c:346:6:SystemClock_Config	128	static
../Core/Src/main.c:394:13:MX_ADC1_Init	48	static
../Core/Src/main.c:469:13:MX_SPI1_Init	8	static
../Core/Src/main.c:509:13:MX_USART1_UART_Init	8	static
../Core/Src/main.c:544:13:MX_DMA_Init	16	static
../Core/Src/main.c:562:13:MX_GPIO_Init	40	static
../Core/Src/main.c:617:6:Error_Handler	4	static,ignoring_inline_asm
