../Core/Src/main.c:80:13:Send_Status	64	static
../Core/Src/main.c:94:16:Scale_Float_X100	16	static
../Core/Src/main.c:104:13:Send_Flash_Record	40	static
../Core/Src/main.c:119:16:Sweep_Config_IsValid	4	static
../Core/Src/main.c:127:13:Delay_With_Command_Processing	24	static
../Core/Src/main.c:145:5:__io_putchar	16	static
../Core/Src/main.c:155:6:Process_Start_Command	8	static
../Core/Src/main.c:173:6:Process_Stop_Command	8	static
../Core/Src/main.c:179:6:Process_Status_Command	8	static
../Core/Src/main.c:184:6:Process_FlashStatus_Command	16	static
../Core/Src/main.c:191:6:Process_EraseFlash_Command	8	static
../Core/Src/main.c:209:6:Process_DumpFlash_Command	48	static
../Core/Src/main.c:242:6:Process_SetStartFrequency	16	static
../Core/Src/main.c:254:6:Process_SetStopFrequency	16	static
../Core/Src/main.c:266:6:Process_SetStepFrequency	16	static
../Core/Src/main.c:278:6:Process_SetFeedbackResistor	16	static
../Core/Src/main.c:296:5:main	32	static
../Core/Src/main.c:450:6:SystemClock_Config	128	static
../Core/Src/main.c:498:13:MX_ADC1_Init	48	static
../Core/Src/main.c:573:13:MX_SPI1_Init	8	static
../Core/Src/main.c:613:13:MX_USART1_UART_Init	8	static
../Core/Src/main.c:648:13:MX_DMA_Init	16	static
../Core/Src/main.c:666:13:MX_GPIO_Init	40	static
../Core/Src/main.c:721:6:Error_Handler	4	static,ignoring_inline_asm
