../Core/Src/main.c:79:13:Send_Status	2
../Core/Src/main.c:92:16:Sweep_Config_IsValid	5
../Core/Src/main.c:100:13:Delay_With_Command_Processing	3
../Core/Src/main.c:118:5:__io_putchar	1
../Core/Src/main.c:128:6:Process_Start_Command	2
../Core/Src/main.c:140:6:Process_Stop_Command	1
../Core/Src/main.c:146:6:Process_Status_Command	1
../Core/Src/main.c:151:6:Process_SetStartFrequency	4
../Core/Src/main.c:163:6:Process_SetStopFrequency	3
../Core/Src/main.c:175:6:Process_SetStepFrequency	3
../Core/Src/main.c:187:6:Process_SetFeedbackResistor	3
../Core/Src/main.c:205:5:main	5
../Core/Src/main.c:346:6:SystemClock_Config	4
../Core/Src/main.c:394:13:MX_ADC1_Init	5
../Core/Src/main.c:469:13:MX_SPI1_Init	2
../Core/Src/main.c:509:13:MX_USART1_UART_Init	2
../Core/Src/main.c:544:13:MX_DMA_Init	1
../Core/Src/main.c:562:13:MX_GPIO_Init	1
../Core/Src/main.c:617:6:Error_Handler	1
