../Core/Src/main.c:76:13:Send_Status	64	static
../Core/Src/main.c:90:16:Scale_Float_X100	16	static
../Core/Src/main.c:100:13:Send_Flash_Record	40	static
../Core/Src/main.c:115:16:Sweep_Config_IsValid	4	static
../Core/Src/main.c:123:13:Delay_With_Command_Processing	24	static
../Core/Src/main.c:141:5:__io_putchar	16	static
../Core/Src/main.c:151:6:Process_Start_Command	8	static
../Core/Src/main.c:169:6:Process_Stop_Command	8	static
../Core/Src/main.c:175:6:Process_Status_Command	8	static
../Core/Src/main.c:180:6:Process_FlashStatus_Command	16	static
../Core/Src/main.c:187:6:Process_EraseFlash_Command	8	static
../Core/Src/main.c:205:6:Process_DumpFlash_Command	48	static
../Core/Src/main.c:238:6:Process_SetStartFrequency	16	static
../Core/Src/main.c:250:6:Process_SetStopFrequency	16	static
../Core/Src/main.c:262:6:Process_SetStepFrequency	16	static
../Core/Src/main.c:274:6:Process_SetFeedbackResistor	16	static
../Core/Src/main.c:292:5:main	8	static
../Core/Src/main.c:387:6:SystemClock_Config	128	static
../Core/Src/main.c:435:13:MX_ADC1_Init	48	static
../Core/Src/main.c:510:13:MX_SPI1_Init	8	static
../Core/Src/main.c:550:13:MX_USART1_UART_Init	8	static
../Core/Src/main.c:583:13:MX_DMA_Init	16	static
../Core/Src/main.c:601:13:MX_GPIO_Init	40	static
../Core/Src/main.c:662:6:Error_Handler	4	static,ignoring_inline_asm
