../Core/Src/uart_comm.c:15:13:Process_Start_Command	4	static
../Core/Src/uart_comm.c:19:13:Process_Stop_Command	4	static
../Core/Src/uart_comm.c:23:13:Process_Status_Command	4	static
../Core/Src/uart_comm.c:27:13:Process_FlashStatus_Command	4	static
../Core/Src/uart_comm.c:31:13:Process_EraseFlash_Command	4	static
../Core/Src/uart_comm.c:35:13:Process_DumpFlash_Command	4	static
../Core/Src/uart_comm.c:39:13:Process_SetStartFrequency	16	static
../Core/Src/uart_comm.c:44:13:Process_SetStopFrequency	16	static
../Core/Src/uart_comm.c:49:13:Process_SetStepFrequency	16	static
../Core/Src/uart_comm.c:54:13:Process_SetFeedbackResistor	16	static
../Core/Src/uart_comm.c:59:13:Process_SetSweepConfig	24	static
../Core/Src/uart_comm.c:76:6:UART_Comm_Init	16	static
../Core/Src/uart_comm.c:90:6:UART_SendString	24	static
../Core/Src/uart_comm.c:103:6:UART_SendImpedanceData	336	static
../Core/Src/uart_comm.c:156:6:UART_RxCpltCallback	16	static
../Core/Src/uart_comm.c:179:6:HAL_UART_RxCpltCallback	16	static
../Core/Src/uart_comm.c:188:6:UART_ProcessCommand	160	static,ignoring_inline_asm
