../Core/Src/uart_comm.c:15:13:Process_Start_Command	4	static
../Core/Src/uart_comm.c:19:13:Process_Stop_Command	4	static
../Core/Src/uart_comm.c:23:13:Process_Status_Command	4	static
../Core/Src/uart_comm.c:27:13:Process_FlashStatus_Command	4	static
../Core/Src/uart_comm.c:31:13:Process_EraseFlash_Command	4	static
../Core/Src/uart_comm.c:35:13:Process_DumpFlash_Command	4	static
../Core/Src/uart_comm.c:39:13:Process_SetStartFrequency	16	static
../Core/Src/uart_comm.c:44:13:Process_SetStopFrequency	16	static
../Core/Src/uart_comm.c:49:13:Process_SetStepFrequency	16	static
../Core/Src/uart_comm.c:54:13:Process_SetFeedbackResistor	16	static
../Core/Src/uart_comm.c:71:6:UART_Comm_Init	16	static
../Core/Src/uart_comm.c:85:6:UART_SendString	24	static
../Core/Src/uart_comm.c:98:6:UART_SendImpedanceData	208	static
../Core/Src/uart_comm.c:139:6:UART_RxCpltCallback	16	static
../Core/Src/uart_comm.c:162:6:HAL_UART_RxCpltCallback	16	static
../Core/Src/uart_comm.c:171:6:UART_ProcessCommand	8	static
